// Jest Snapshot v1, https://goo.gl/fbAQLP

exports[`InfoGraphic component snapshot 1`] = `
<DocumentFragment>
  <div
    style="border: 4px solid #daa520; border-radius: 5px; min-width: 85px; user-select: none; font-family: Amatic SC, sans-serif;"
  >
    <div
      style="margin: 5px; padding: 5px 10px; background-color: rgb(255, 255, 240); font-weight: bold; text-align: left;"
    >
      <div>
        <h1
          style="font-size: 18px; text-align: center;"
        >
          Test Name
        </h1>
      </div>
      <div
        style="display: flex; flex-direction: row; align-items: center; gap: 5px; text-align: left; font-size: 18px;"
      >
        <svg>
          timer.svg
        </svg>
         
        <p>
          10:00
        </p>
      </div>
      <div
        style="display: flex; flex-direction: row; align-items: center; gap: 5px; text-align: left; font-size: 18px;"
      >
        <svg>
          pieces.svg
        </svg>
         
        <p>
          5
        </p>
      </div>
    </div>
  </div>
</DocumentFragment>
`;
